=== Tous les tests exécutés sont passés ===
Rapport: 2026-02-23T15:45:10+01:00
Tests: 0-15
=== Tous les tests exécutés sont passés ===
Rapport: 2026-02-23T15:48:31+01:00
Tests: 0-15
=== Tous les tests exécutés sont passés ===
Rapport: 2026-02-25T16:12:30+01:00
Tests: 0-15
=== Tous les tests exécutés sont passés ===
Rapport: 2026-02-25T17:45:30+01:00
Tests: 0-15
=== Tous les tests exécutés sont passés ===
Rapport: 2026-02-25T17:53:54+01:00
Tests: 0-15
=== Tous les tests exécutés sont passés ===
Rapport: 2026-02-25T17:59:31+01:00
Tests: 0-15
=== Tous les tests exécutés sont passés ===
Rapport: 2026-02-26T00:13:09+01:00
Tests: 0-15
